Progress Logs
-------------
Sensors With Data in Time Range: 10
Sensors Without Data in Time Range: 0

Sensors Not Found: 0
Invalid Sensor Indexes: 0
Sensor Indexes Encountering Other Errors: 0
Sensor Indexes Not Processed: 0

Start Timestamp: 2025-01-01T00:00:00-08:00
End Timestamp: 2026-01-08T00:00:00-08:00
Average: 30
Fields: temperature,humidity,pm2.5_atm
Total Data Rows Downloaded: 163467

Number of Sensors: 10
Number of Read Keys: 0

Download Started at: 2026-01-09T21:17:19-08:00
Download Ended   at: 2026-01-09T21:18:59-08:00
Download Took: 1.7 minutes

-------------
Sensor Indexes Not Found:


Invalid Sensor Indexes:


Sensors Without Any Data For Specified Time Period:


Sensors Where No Download Was Attempted Yet Due to Process Being Aborted:


Aborted on Sensors:


Sensors With Number of Downloaded Data Rows:
17895 : 17737 data rows
18987 : 17856 data rows
19683 : 17747 data rows
56275 : 13468 data rows
71443 : 16635 data rows
84117 : 17780 data rows
114889 : 17658 data rows
148483 : 17856 data rows
193337 : 17795 data rows
286506 : 8935 data rows
  

-------------
Starting requests for sensor 71443.
Making request 1 from 2025-01-01 to 2025-04-01
Making request 2 from 2025-04-01 to 2025-06-30
Making request 3 from 2025-06-30 to 2025-09-28
Making request 4 from 2025-09-28 to 2025-12-27
Making request 5 from 2025-12-27 to 2026-01-08
Data download completed for sensor 71443. Downloaded 16635 rows of data.

Starting requests for sensor 286506.
Making request 6 from 2025-01-01 to 2025-04-01
Making request 7 from 2025-04-01 to 2025-06-30
Making request 8 from 2025-06-30 to 2025-09-28
Making request 9 from 2025-09-28 to 2025-12-27
Making request 10 from 2025-12-27 to 2026-01-08
Data download completed for sensor 286506. Downloaded 8935 rows of data.

Starting requests for sensor 114889.
Making request 11 from 2025-01-01 to 2025-04-01
Making request 12 from 2025-04-01 to 2025-06-30
Making request 13 from 2025-06-30 to 2025-09-28
Making request 14 from 2025-09-28 to 2025-12-27
Making request 15 from 2025-12-27 to 2026-01-08
Data download completed for sensor 114889. Downloaded 17658 rows of data.

Starting requests for sensor 193337.
Making request 16 from 2025-01-01 to 2025-04-01
Making request 17 from 2025-04-01 to 2025-06-30
Making request 18 from 2025-06-30 to 2025-09-28
Making request 19 from 2025-09-28 to 2025-12-27
Making request 20 from 2025-12-27 to 2026-01-08
Data download completed for sensor 193337. Downloaded 17795 rows of data.

Starting requests for sensor 18987.
Making request 21 from 2025-01-01 to 2025-04-01
Making request 22 from 2025-04-01 to 2025-06-30
Making request 23 from 2025-06-30 to 2025-09-28
Making request 24 from 2025-09-28 to 2025-12-27
Making request 25 from 2025-12-27 to 2026-01-08
Data download completed for sensor 18987. Downloaded 17856 rows of data.

Starting requests for sensor 19683.
Making request 26 from 2025-01-01 to 2025-04-01
Making request 27 from 2025-04-01 to 2025-06-30
Making request 28 from 2025-06-30 to 2025-09-28
Making request 29 from 2025-09-28 to 2025-12-27
Making request 30 from 2025-12-27 to 2026-01-08
Data download completed for sensor 19683. Downloaded 17747 rows of data.

Starting requests for sensor 56275.
Making request 31 from 2025-01-01 to 2025-04-01
Making request 32 from 2025-04-01 to 2025-06-30
Making request 33 from 2025-06-30 to 2025-09-28
Making request 34 from 2025-09-28 to 2025-12-27
Making request 35 from 2025-12-27 to 2026-01-08
Data download completed for sensor 56275. Downloaded 13468 rows of data.

Starting requests for sensor 17895.
Making request 36 from 2025-01-01 to 2025-04-01
Making request 37 from 2025-04-01 to 2025-06-30
Making request 38 from 2025-06-30 to 2025-09-28
Making request 39 from 2025-09-28 to 2025-12-27
Making request 40 from 2025-12-27 to 2026-01-08
Data download completed for sensor 17895. Downloaded 17737 rows of data.

Starting requests for sensor 84117.
Making request 41 from 2025-01-01 to 2025-04-01
Making request 42 from 2025-04-01 to 2025-06-30
Making request 43 from 2025-06-30 to 2025-09-28
Making request 44 from 2025-09-28 to 2025-12-27
Making request 45 from 2025-12-27 to 2026-01-08
Data download completed for sensor 84117. Downloaded 17780 rows of data.

Starting requests for sensor 148483.
Making request 46 from 2025-01-01 to 2025-04-01
Making request 47 from 2025-04-01 to 2025-06-30
Making request 48 from 2025-06-30 to 2025-09-28
Making request 49 from 2025-09-28 to 2025-12-27
Making request 50 from 2025-12-27 to 2026-01-08
Data download completed for sensor 148483. Downloaded 17856 rows of data.


Download request has been completed. Scroll down for a summary:
--------------------------------------
